// Jest Snapshot v1, https://goo.gl/fbAQLP

exports[`Renders without errors and matches snapshot 1`] = `
.c1 {
  display: inline-block;
  vertical-align: middle;
  border: 0;
  background: #06038D;
  margin: auto 0 auto 15px;
  cursor: pointer;
}

.c1 img {
  height: 29px;
  width: 28px;
  margin: 0;
  -webkit-transform: rotateX(0);
  -ms-transform: rotateX(0);
  transform: rotateX(0);
  -webkit-transition: -webkit-transform 0.5s ease-in-out;
  -webkit-transition: transform 0.5s ease-in-out;
  transition: transform 0.5s ease-in-out;
}

.c1 img:hover {
  -webkit-transform: rotate(360deg);
  -ms-transform: rotate(360deg);
  transform: rotate(360deg);
}

.c3 {
  border: 0;
  background-color: initial;
  cursor: pointer;
}

.c3 img {
  width: 30px;
  margin: auto 0;
}

.c0 {
  background: #06038D;
  color: #FFF;
  z-index: 100;
  position: fixed;
  height: 60px;
  top: 0;
  left: 0;
  right: 0;
  display: -webkit-box;
  display: -webkit-flex;
  display: -ms-flexbox;
  display: flex;
}

.c0::after {
  content: "";
  width: 100%;
  height: 20px;
  background-image: linear-gradient(#f2f2f2,#f2f2f200);
  position: absolute;
  bottom: -20px;
}

.c2 {
  display: -webkit-box;
  display: -webkit-flex;
  display: -ms-flexbox;
  display: flex;
  -webkit-flex-direction: column;
  -ms-flex-direction: column;
  flex-direction: column;
  -webkit-box-pack: end;
  -webkit-justify-content: flex-end;
  -ms-flex-pack: end;
  justify-content: flex-end;
  font-size: 18px;
  margin: 12px 15px;
  overflow: hidden;
}

.c2 .route-leaving {
  display: block;
  text-transform: uppercase;
  font-size: 10px;
  -webkit-box-flex: 1;
  -webkit-flex-grow: 1;
  -ms-flex-positive: 1;
  flex-grow: 1;
}

.c2 span {
  white-space: nowrap;
  text-overflow: ellipsis;
  overflow: hidden;
}

@media (min-width:650px) {
  .c1 {
    margin: auto 80px auto 20px;
  }
}

@media (min-width:650px) {
  .c2 {
    margin: 12px 40px;
    font-size: 20px;
  }
}

<div>
  <header
    class="c0"
  >
    <a
      class="c1"
      data-testid="sh-logo"
      href="/"
    >
      <img
        alt="Mito Airline"
        src="mito-logo.svg"
      />
    </a>
    <p
      class="c2"
      data-testid="sh-origin"
    >
      <span
        class="route-leaving"
      >
        Leaving from
      </span>
      <span>
        Barcelona
      </span>
    </p>
    <button
      class="c3"
      data-testid="sh-switch"
      style="transform: rotateZ(0deg);"
    >
      <img
        alt="From - to"
        src="arrows.svg"
      />
    </button>
    <p
      class="c2"
      data-testid="sh-dest"
    >
      <span>
        Budapest
      </span>
    </p>
  </header>
</div>
`;
